Firebase initialization module loading...
Γ£à Loaded Firebase Service Account from local file: C:\Users\Admin\.gemini\antigravity\playground\sonic-pinwheel\messwalha\backend\firebase-service-account.json
Γ£à Firebase Admin initialized successfully (Project: messwala-f09a5 )
[dotenv@17.3.1] injecting env (9) from .env -- tip: ≡ƒ¢í∩╕Å auth for agents: https://vestauth.com
≡ƒÜÇ Starting Forgot Password System Test...
Checking if user testuser@example.com exists...
node.exe : Γ¥î Test Failed: 16 UNAUTHENTICATED: Request had invalid 
authentication credentials. Expected OAuth 2 access token, login cookie or 
other valid authentication credential. See 
https://developers.google.com/identity/sign-in/web/devconsole-project.
At line:1 char:1
+ & "C:\Program Files\nodejs/node.exe" "C:\Program Files\nodejs/node_mo ...
+ ~~~~~~~~~~~~~~~~~~~~~~~~~~~~~~~~~~~~~~~~~~~~~~~~~~~~~~~~~~~~~~~~~~~~~
    + CategoryInfo          : NotSpecified: (Γ¥î Test Failed...onsole-project. 
   :String) [], RemoteException
    + FullyQualifiedErrorId : NativeCommandError
 
